[debug] [2026-07-28T04:22:46.882Z] ----------------------------------------------------------------------
[debug] [2026-07-28T04:22:46.884Z] Command:       /home/arunadhikari/.nvm/versions/node/v24.15.0/bin/node /home/arunadhikari/.nvm/versions/node/v24.15.0/bin/firebase deploy --only hosting -P lovenote
[debug] [2026-07-28T04:22:46.885Z] CLI Version:   15.24.0
[debug] [2026-07-28T04:22:46.885Z] Platform:      linux
[debug] [2026-07-28T04:22:46.885Z] Node Version:  v24.15.0
[debug] [2026-07-28T04:22:46.885Z] Detected Agent: open_code
[debug] [2026-07-28T04:22:46.885Z] Time:          Tue Jul 28 2026 10:07:46 GMT+0545 (Nepal Time)
[debug] [2026-07-28T04:22:46.885Z] ----------------------------------------------------------------------
[debug] 
[debug] [2026-07-28T04:22:47.986Z] > command requires scopes: ["email","openid","https://www.googleapis.com/auth/cloudplatformprojects.readonly","https://www.googleapis.com/auth/firebase","https://www.googleapis.com/auth/cloud-platform"]
[debug] [2026-07-28T04:22:47.987Z] > authorizing via signed-in user (adhikariarun549@gmail.com)
[debug] [2026-07-28T04:22:47.987Z] [iam] checking project lovenote for permissions ["firebase.projects.get","firebasehosting.sites.update"]
[debug] [2026-07-28T04:22:48.001Z] Checked if tokens are valid: true, expires at: 1785214044662
[debug] [2026-07-28T04:22:48.001Z] Checked if tokens are valid: true, expires at: 1785214044662
[debug] [2026-07-28T04:22:48.002Z] >>> [apiv2][query] POST https://cloudresourcemanager.googleapis.com/v1/projects/lovenote:testIamPermissions [none]
[debug] [2026-07-28T04:22:48.003Z] >>> [apiv2][(partial)header] POST https://cloudresourcemanager.googleapis.com/v1/projects/lovenote:testIamPermissions  x-goog-user-project=lovenote
[debug] [2026-07-28T04:22:48.003Z] >>> [apiv2][body] POST https://cloudresourcemanager.googleapis.com/v1/projects/lovenote:testIamPermissions {"permissions":["firebase.projects.get","firebasehosting.sites.update"]}
[debug] [2026-07-28T04:22:49.754Z] <<< [apiv2][status] POST https://cloudresourcemanager.googleapis.com/v1/projects/lovenote:testIamPermissions 403
[debug] [2026-07-28T04:22:49.754Z] <<< [apiv2][body] POST https://cloudresourcemanager.googleapis.com/v1/projects/lovenote:testIamPermissions {"error":{"code":403,"message":"Caller does not have required permission to use project lovenote. Grant the caller the roles/serviceusage.serviceUsageConsumer role, or a custom role with the serviceusage.services.use permission, by visiting https://console.developers.google.com/iam-admin/iam?project=lovenote and then retry. Propagation of the new permission may take a few minutes.","status":"PERMISSION_DENIED","details":[{"@type":"type.googleapis.com/google.rpc.ErrorInfo","reason":"USER_PROJECT_DENIED","domain":"googleapis.com","metadata":{"containerInfo":"lovenote","service":"cloudresourcemanager.googleapis.com","consumer":"projects/lovenote","consoleUrl":"https://console.developers.google.com/iam-admin/iam?project=lovenote"}},{"@type":"type.googleapis.com/google.rpc.LocalizedMessage","locale":"en-US","message":"Caller does not have required permission to use project lovenote. Grant the caller the roles/serviceusage.serviceUsageConsumer role, or a custom role with the serviceusage.services.use permission, by visiting https://console.developers.google.com/iam-admin/iam?project=lovenote and then retry. Propagation of the new permission may take a few minutes."},{"@type":"type.googleapis.com/google.rpc.Help","links":[{"description":"Google developer console IAM admin","url":"https://console.developers.google.com/iam-admin/iam?project=lovenote"}]}]}}
[debug] [2026-07-28T04:22:49.755Z] [iam] error while checking permissions, command may fail: Request to https://cloudresourcemanager.googleapis.com/v1/projects/lovenote:testIamPermissions had HTTP Error: 403, Caller does not have required permission to use project lovenote. Grant the caller the roles/serviceusage.serviceUsageConsumer role, or a custom role with the serviceusage.services.use permission, by visiting https://console.developers.google.com/iam-admin/iam?project=lovenote and then retry. Propagation of the new permission may take a few minutes.
[debug] [2026-07-28T04:22:49.755Z] Checked if tokens are valid: true, expires at: 1785214044662
[debug] [2026-07-28T04:22:49.755Z] Checked if tokens are valid: true, expires at: 1785214044662
[debug] [2026-07-28T04:22:49.756Z] >>> [apiv2][query] GET https://firebase.googleapis.com/v1beta1/projects/lovenote [none]
[debug] [2026-07-28T04:22:50.563Z] <<< [apiv2][status] GET https://firebase.googleapis.com/v1beta1/projects/lovenote 403
[debug] [2026-07-28T04:22:50.563Z] <<< [apiv2][body] GET https://firebase.googleapis.com/v1beta1/projects/lovenote {"error":{"code":403,"message":"The caller does not have permission","status":"PERMISSION_DENIED"}}
[debug] [2026-07-28T04:22:50.563Z] Request to https://firebase.googleapis.com/v1beta1/projects/lovenote had HTTP Error: 403, The caller does not have permission
[debug] [2026-07-28T04:22:50.838Z] FirebaseError: Request to https://firebase.googleapis.com/v1beta1/projects/lovenote had HTTP Error: 403, The caller does not have permission
    at responseToError (/home/arunadhikari/.nvm/versions/node/v24.15.0/lib/node_modules/firebase-tools/lib/responseToError.js:53:12)
    at RetryOperation._fn (/home/arunadhikari/.nvm/versions/node/v24.15.0/lib/node_modules/firebase-tools/lib/apiv2.js:415:77)
    at process.processTicksAndRejections (node:internal/process/task_queues:104:5)
[error] 
[error] Error: Failed to get Firebase project lovenote. Please make sure the project exists and your account has permission to access it.
